LTspice 26.0.1 for Windows
Circuit: D:\AIPIT\High_Altitude_Voltage\Higt.net
Start Time: Fri Sep 25 16:05:51 2026
Options:reltol=0.03 vntol=100m abstol=1m chgtol=1e-10 trtol=7 maxstep=1u solver=alt gmin=1e-9
solver = Alternate
Maximum thread count: 12
tnom = 27
temp = 27
method = trap
gmin = 1e-09
abstol = 0.001
reltol = 0.03
chgtol = 1e-10
trtol = 7
volttol = 0.1
WARNING: Node nc_03 is floating.

Direct Newton iteration succeeded in finding operating point.

Simulation stopped by user.
Total elapsed time: 99.292 seconds.

Files loaded:
D:\AIPIT\High_Altitude_Voltage\Higt.net
C:\Users\mrnuo\AppData\Local\LTspice\lib\cmp\standard.dio
C:\Users\mrnuo\AppData\Local\LTspice\lib\cmp\standard.mos

